// Jest Snapshot v1, https://goo.gl/fbAQLP

exports[`createStore should create store 1`] = `
Object {
  "entities": Object {},
  "filter": "",
  "ids": Array [],
}
`;
