// Jest Snapshot v1, https://goo.gl/fbAQLP

exports[`Repo Builder all: all 1`] = `
"import { Store, createState, withProps } from '@ngneat/elf';
import { withEntities, selectAll, deleteEntities, addEntities, updateEntities, withUIEntities, withActiveId, selectActiveEntity, setActiveId, withActiveIds, selectActiveEntities, toggleActiveIds } from '@ngneat/elf-entities';
import { withRequestsCache, updateRequestsCache, CacheState, withRequestsStatus, selectRequestStatus, updateRequestsStatus, StatusState } from '@ngneat/elf-requests';

export interface TodoUI {
  id: number;
}

export interface Todo {
  id: number;
}

// eslint-disable-next-line @typescript-eslint/no-empty-interface
export interface TodosProps {
}

const { state, config } = createState(withProps<TodosProps>({}), withEntities<Todo>(), withUIEntities<TodoUI>(), withActiveId(), withActiveIds(), withRequestsCache(), withRequestsStatus());
const store = new Store({ name: 'todos', state, config });

export class TodosRepository {
  status$ = store.pipe(selectRequestStatus('key'));
  activeTodos$ = store.pipe(selectActiveEntities());
  activeTodo$ = store.pipe(selectActiveEntity());
  todos$ = store.pipe(selectAll());

  deleteTodo(id: Todo['id']) {
    store.reduce(deleteEntities(id));
  }

  addTodo(todo: Todo) {
    store.reduce(addEntities(todo));
  }

  updateTodo(id: Todo['id'], todo: Partial<Todo>) {
    store.reduce(updateEntities(id, todo));
  }

  setActiveId(id: Todo['id']) {
    store.reduce(setActiveId(id));
  }

  toggleActiveIds(ids: Array<Todo['id']>) {
    store.reduce(toggleActiveIds(ids));
  }

  updateRequestCache(state: CacheState) {
    store.reduce(updateRequestsCache({ key: state }));
  }

  updateRequestStatus(state: StatusState) {
    store.reduce(updateRequestsStatus({ key: state }));
  }
}
"
`;

exports[`Repo Builder should support function template: all 1`] = `
"import { Store, createState, withProps } from '@ngneat/elf';
import { withEntities, selectAll, deleteEntities, addEntities, updateEntities, withUIEntities, withActiveId, selectActiveEntity, setActiveId, withActiveIds, selectActiveEntities, toggleActiveIds } from '@ngneat/elf-entities';
import { withRequestsCache, updateRequestsCache, CacheState, withRequestsStatus, selectRequestStatus, updateRequestsStatus, StatusState } from '@ngneat/elf-requests';

export interface TodoUI {
  id: number;
}

export interface Todo {
  id: number;
}

// eslint-disable-next-line @typescript-eslint/no-empty-interface
export interface TodosProps {
}

const { state, config } = createState(withProps<TodosProps>({}), withEntities<Todo>(), withUIEntities<TodoUI>(), withActiveId(), withActiveIds(), withRequestsCache(), withRequestsStatus());
export const todosStore = new Store({ name: 'todos', state, config });

export const status$ = todosStore.pipe(selectRequestStatus('key'));

export const activeTodos$ = todosStore.pipe(selectActiveEntities());

export const activeTodo$ = todosStore.pipe(selectActiveEntity());

export const todos$ = todosStore.pipe(selectAll());

export function deleteTodo(id: Todo['id']) {
  todosStore.reduce(deleteEntities(id));
}

export function addTodo(todo: Todo) {
  todosStore.reduce(addEntities(todo));
}

export function updateTodo(id: Todo['id'], todo: Partial<Todo>) {
  todosStore.reduce(updateEntities(id, todo));
}

export function setActiveId(id: Todo['id']) {
  todosStore.reduce(setActiveId(id));
}

export function toggleActiveIds(ids: Array<Todo['id']>) {
  todosStore.reduce(toggleActiveIds(ids));
}

export function updateRequestCache(state: CacheState) {
  todosStore.reduce(updateRequestsCache({ key: state }));
}

export function updateRequestStatus(state: StatusState) {
  todosStore.reduce(updateRequestsStatus({ key: state }));
}
"
`;

exports[`Repo Builder withActiveId: withActiveId 1`] = `
"import { Store, createState } from '@ngneat/elf';
import { withActiveId, selectActiveEntity, setActiveId } from '@ngneat/elf-entities';

const { state, config } = createState(withActiveId());
const store = new Store({ name: 'todos', state, config });

export class TodosRepository {
  activeTodo$ = store.pipe(selectActiveEntity());

  setActiveId(id: Todo['id']) {
    store.reduce(setActiveId(id));
  }
}
"
`;

exports[`Repo Builder withActiveIds: withActiveIds 1`] = `
"import { Store, createState } from '@ngneat/elf';
import { withActiveIds, selectActiveEntities, toggleActiveIds } from '@ngneat/elf-entities';

const { state, config } = createState(withActiveIds());
const store = new Store({ name: 'todos', state, config });

export class TodosRepository {
  activeTodos$ = store.pipe(selectActiveEntities());

  toggleActiveIds(ids: Array<Todo['id']>) {
    store.reduce(toggleActiveIds(ids));
  }
}
"
`;

exports[`Repo Builder withEntities idKey: withEntities 1`] = `
"import { Store, createState } from '@ngneat/elf';
import { withEntities, selectAll, addEntities, updateEntities, deleteEntities } from '@ngneat/elf-entities';

export interface Todo {
  _id: number;
}

const { state, config } = createState(withEntities<Todo, '_id'>({ idKey: '_id' }));
const store = new Store({ name: 'todos', state, config });

export class TodosRepository {
  todos$ = store.pipe(selectAll());

  addTodo(todo: Todo) {
    store.reduce(addEntities(todo));
  }

  updateTodo(id: Todo['_id'], todo: Partial<Todo>) {
    store.reduce(updateEntities(id, todo));
  }

  deleteTodo(id: Todo['_id']) {
    store.reduce(deleteEntities(id));
  }
}
"
`;

exports[`Repo Builder withEntities: withEntities 1`] = `
"import { Store, createState } from '@ngneat/elf';
import { withEntities, selectAll, addEntities, updateEntities, deleteEntities } from '@ngneat/elf-entities';

export interface Todo {
  id: number;
}

const { state, config } = createState(withEntities<Todo>());
const store = new Store({ name: 'todos', state, config });

export class TodosRepository {
  todos$ = store.pipe(selectAll());

  addTodo(todo: Todo) {
    store.reduce(addEntities(todo));
  }

  updateTodo(id: Todo['id'], todo: Partial<Todo>) {
    store.reduce(updateEntities(id, todo));
  }

  deleteTodo(id: Todo['id']) {
    store.reduce(deleteEntities(id));
  }
}
"
`;

exports[`Repo Builder withProps: withProps 1`] = `
"import { Store, createState, withProps } from '@ngneat/elf';

// eslint-disable-next-line @typescript-eslint/no-empty-interface
export interface TodosProps {
}

const { state, config } = createState(withProps<TodosProps>({}));
const store = new Store({ name: 'todos', state, config });

export class TodosRepository {
}
"
`;

exports[`Repo Builder withRequestsCache: withRequestsCache 1`] = `
"import { Store, createState } from '@ngneat/elf';
import { withRequestsCache, updateRequestsCache, CacheState } from '@ngneat/elf-requests';

const { state, config } = createState(withRequestsCache());
const store = new Store({ name: 'todos', state, config });

export class TodosRepository {
  updateRequestCache(state: CacheState) {
    store.reduce(updateRequestsCache({ key: state }));
  }
}
"
`;

exports[`Repo Builder withRequestsStatus: withRequestsStatus 1`] = `
"import { Store, createState } from '@ngneat/elf';
import { withRequestsStatus, selectRequestStatus, updateRequestsStatus, StatusState } from '@ngneat/elf-requests';

const { state, config } = createState(withRequestsStatus());
const store = new Store({ name: 'todos', state, config });

export class TodosRepository {
  status$ = store.pipe(selectRequestStatus('key'));

  updateRequestStatus(state: StatusState) {
    store.reduce(updateRequestsStatus({ key: state }));
  }
}
"
`;

exports[`Repo Builder withUIEntities: withUIEntities 1`] = `
"import { Store, createState } from '@ngneat/elf';
import { withUIEntities } from '@ngneat/elf-entities';

export interface TodoUI {
  id: number;
}

const { state, config } = createState(withUIEntities<TodoUI>());
const store = new Store({ name: 'todos', state, config });

export class TodosRepository {
}
"
`;
