// Jest Snapshot v1, https://goo.gl/fbAQLP

exports[`cli-ng should add the Injectable decorator 1`] = `
"import { createStore, withProps } from '@ngneat/elf';
import { Injectable } from '@angular/core';

// eslint-disable-next-line @typescript-eslint/no-empty-interface
export interface TodosProps {
}

const store = createStore({ name: 'todos' }, withProps<TodosProps>({}));

@Injectable({ providedIn: 'root' })
export class TodosRepository {
}
"
`;
